// Jest Snapshot v1, https://goo.gl/fbAQLP

exports[`Rockets Rockets Page Rendered Correctly 1`] = `null`;
